[Licensing::Module] Trying to connect to existing licensing client channel...
Built from '6000.5/respin/6000.5.0b1-927950f64b1f' branch; Version is '6000.5.0b1 (c1f81ff5b082) revision 12711967'; Using compiler version '194234433'; Build Type 'Release'
OS: 'Windows 11  (10.0.26200) Professional' Language: 'zh' Physical Memory: 32361 MB
[Licensing::IpcConnector] Successfully connected to: "LicenseClient-11252" at "2026-03-29T07:05:49.930725Z"
BatchMode: 1, IsHumanControllingUs: 0, StartBugReporterOnCrash: 0, Is64bit: 1
System  architecture: x64
Process architecture: x64
Date: 2026-03-29T07:05:49Z

COMMAND LINE ARGUMENTS:
C:\Program Files\Unity\Hub\Editor\6000.5.0b1\Editor\Unity.exe
-batchmode
-projectPath
E:\VividRP_Reborn
-runTests
-testPlatform
EditMode
-testResults
E:\VividRP_Reborn\Packages\VividRP\Logs\editmode-results.xml
-quit
-logFile
E:\VividRP_Reborn\Packages\VividRP\Logs\editmode.log
Successfully changed project path to: E:\VividRP_Reborn
E:/VividRP_Reborn
Exiting without the bug reporter. Application will terminate with return code 1