[Licensing::Module] Trying to connect to existing licensing client channel...
Built from 'trunk' branch; Version is '6000.5.0a7 (0841031ff752) revision 540931'; Using compiler version '194234433'; Build Type 'Release'
OS: 'Windows 11  (10.0.26200) Professional' Language: 'zh' Physical Memory: 32361 MB
[Licensing::IpcConnector] Successfully connected to: "LicenseClient-11252" at "2026-03-07T16:14:00.1040133Z"
BatchMode: 1, IsHumanControllingUs: 0, StartBugReporterOnCrash: 0, Is64bit: 1
System  architecture: x64
Process architecture: x64
Date: 2026-03-07T16:14:00Z

COMMAND LINE ARGUMENTS:
C:\Program Files\Unity\Hub\Editor\6000.5.0a7\Editor\Unity.exe
-batchmode
-projectPath
E:\VividRP_Reborn
-runTests
-testPlatform
EditMode
-testFilter
VividRP.Editor.Tests.PreviewNodeDataTests;VividRP.Editor.Tests.PassRecorderPreviewTests;VividRP.Editor.Tests.RenderGraphPassCompilationUtilityTests;VividRP.Editor.Tests.RenderGraphPassReflectionUtilityTests
-testResults
Logs/editmode-preview-results.xml
-quit
-logFile
Logs/editmode-preview.log
Successfully changed project path to: E:\VividRP_Reborn
E:/VividRP_Reborn
Exiting without the bug reporter. Application will terminate with return code 1