[Licensing::Module] Trying to connect to existing licensing client channel...
Built from '6000.5/respin/6000.5.0a9-acc4c1f79cd5' branch; Version is '6000.5.0a9 (253a859729df) revision 2439813'; Using compiler version '194234433'; Build Type 'Release'
OS: 'Windows 11  (10.0.26200) Professional' Language: 'zh' Physical Memory: 32361 MB
BatchMode: 1, IsHumanControllingUs: 0, StartBugReporterOnCrash: 0, Is64bit: 1
[Licensing::IpcConnector] Successfully connected to: "LicenseClient-11252" at "2026-03-26T13:22:07.5585678Z"
System  architecture: x64
Process architecture: x64
Date: 2026-03-26T13:22:07Z

COMMAND LINE ARGUMENTS:
C:\Program Files\Unity\Hub\Editor\6000.5.0a9\Editor\Unity.exe
-batchmode
-projectPath
E:\VividRP_Reborn
-runTests
-testPlatform
EditMode
-testFilter
RenderGraphSubSystem
-testResults
Logs/rendergraph-subsystem-results.xml
-quit
-logFile
Logs/rendergraph-subsystem.log
Successfully changed project path to: E:\VividRP_Reborn
E:/VividRP_Reborn
Exiting without the bug reporter. Application will terminate with return code 1